// Jest Snapshot v1, https://goo.gl/fbAQLP

exports[`Modal renders with customStyle 1`] = `<DocumentFragment />`;

exports[`Modal renders with default Props 1`] = `<DocumentFragment />`;

exports[`Modal renders with disclosure 1`] = `
<DocumentFragment>
  <button
    aria-controls="modal-test"
    aria-expanded="false"
    aria-haspopup="dialog"
    type="button"
  >
    Test
  </button>
</DocumentFragment>
`;

exports[`Modal renders with opened={true} 1`] = `<DocumentFragment />`;

exports[`Modal renders with portal node (modal=false) 1`] = `
<DocumentFragment>
  .emotion-1 {
  position: fixed;
  overflow: auto;
  top: 0;
  bottom: 0;
  right: 0;
  left: 0;
  z-index: 999;
  -webkit-perspective: 800px;
  -moz-perspective: 800px;
  -ms-perspective: 800px;
  perspective: 800px;
  opacity: 1;
  background-color: rgba(74,79,98,0.2);
}

.emotion-0 {
  background-color: #fff;
  position: fixed;
  border-radius: 4px;
  border: 0;
  padding: 32px;
  top: 50%;
  left: 50%;
  bottom: auto;
  right: auto;
  -webkit-transform: translate3d(-50%,-50%,0);
  -ms-transform: translate3d(-50%,-50%,0);
  transform: translate3d(-50%,-50%,0);
  width: 616px;
  min-height: initial;
  box-shadow: 0 0 12px 18px rgba(165,165,205,0.2);
  opacity: 1;
}

<div
    class="emotion-1"
    data-dialog-ref="modal-test"
    hidden=""
    style="display: none;"
  >
    <div
      aria-label="modal-test"
      class="emotion-0"
      data-dialog="true"
      hidden=""
      id="modal-test"
      role="dialog"
      style="display: none;"
      tabindex="-1"
    />
  </div>
</DocumentFragment>
`;
